// Jest Snapshot v1, https://goo.gl/fbAQLP

exports[`Renders Primary story 1`] = `
<body>
  <div />
</body>
`;
